src/components/sections/UpdatesSection.tsx(191,20): error TS17008: JSX element 'motion.div' has no corresponding closing tag.
src/components/sections/UpdatesSection.tsx(373,17): error TS1005: ')' expected.
src/components/sections/UpdatesSection.tsx(375,13): error TS1381: Unexpected token. Did you mean `{'}'}` or `&rbrace;`?
src/components/sections/UpdatesSection.tsx(375,15): error TS1381: Unexpected token. Did you mean `{'}'}` or `&rbrace;`?
src/components/sections/UpdatesSection.tsx(428,9): error TS17002: Expected corresponding JSX closing tag for 'section'.
src/components/sections/UpdatesSection.tsx(429,5): error TS1005: ')' expected.
src/components/sections/UpdatesSection.tsx(430,3): error TS1109: Expression expected.
